PS C:\Users> Cd C:\Users\ichio
PS C:\Users\ichio> mkdir git_challenge


    ディレクトリ: C:\Users\ichio


Mode                 LastWriteTime         Length Name
----                 -------------         ------ ----
d-----        2025/04/14     15:30                git_challenge


PS C:\Users\ichio> Cd C:\Users\ichio\git_Challenge
PS C:\Users\ichio\git_Challenge> git init
Initialized empty Git repository in C:/Users/ichio/git_challenge/.git/
PS C:\Users\ichio\git_Challenge> echo "Hello,world!" >> hello_world.txt
PS C:\Users\ichio\git_Challenge> git add hello_world.txt
PS C:\Users\ichio\git_Challenge> git commit -m "hello_world.txtを追加”
[main (root-commit) d5b37e2] hello_world.txtを追加
 1 file changed, 0 insertions(+), 0 deletions(-)
 create mode 100644 hello_world.txt
PS C:\Users\ichio\git_Challenge> git add hello_world.txt
PS C:\Users\ichio\git_Challenge> git commit -m "日本語訳を追記”
[main 1323fd9] 日本語訳を追記
 1 file changed, 0 insertions(+), 0 deletions(-)
PS C:\Users\ichio\git_Challenge> git log --oneline
1323fd9 (HEAD -> main) 日本語訳を追記
d5b37e2 hello_world.txtを追加。
